Microchip MPLAB XC8 Compiler V2.40

Linker command line:

-W-3 \
  --edf=C:\Program Files\Microchip\xc8\v2.40\pic\dat\20220703182018_en.msgs \
  -cn -h+dist/default/production\PP.X.production.sym \
  --cmf=dist/default/production\PP.X.production.cmf -z -Q16F887 \
  -oC:\Users\Laptop\AppData\Local\Temp\xcAs3hc.4 --defsym=__MPLAB_BUILD=1 \
  --fixupoverflow=error -Mdist/default/production/PP.X.production.map \
  --md=C:\Users\Laptop\AppData\Local\Temp\xcAs3hc.dat -E1 -ver=XC8 Compiler \
  --acfsm=1493 -ACODE=00h-07FFhx4 -ASTRCODE=00h-01FFFh -ASTRING=00h-0FFhx32 \
  -ACONST=00h-0FFhx32 -AENTRY=00h-0FFhx32 -ACOMMON=070h-07Fh \
  -ABANK0=020h-06Fh -ABANK1=0A0h-0EFh -ABANK2=0110h-016Fh \
  -ABANK3=0190h-01EFh -ARAM=020h-06Fh,0A0h-0EFh,0110h-016Fh,0190h-01EFh \
  -AABS1=020h-07Fh,0A0h-0EFh,0110h-016Fh,0190h-01EFh -ASFR0=00h-01Fh \
  -ASFR1=080h-09Fh -ASFR2=0100h-010Fh -ASFR3=0180h-018Fh \
  -ACONFIG=02007h-02008h -DCONFIG=2 -AIDLOC=02000h-02003h -DIDLOC=2 \
  -AEEDATA=00h-0FFh/02100h -peeprom_data=EEDATA -DEEDATA=2 -DCODE=2 \
  -DSTRCODE=2 -DSTRING=2 -DCONST=2 -DENTRY=2 \
  -preset_vec=00h,intentry,init,end_init -ppowerup=CODE -pcinit=CODE \
  -pfunctab=ENTRY -k C:\Users\Laptop\AppData\Local\Temp\xcAs3hc.o \
  dist/default/production\PP.X.production.o 

Object code version is 3.11

Machine type is 16F887



                Name                               Link     Load   Length Selector   Space Scale
C:\Users\Laptop\AppData\Local\Temp\xcAs3hc.o
                end_init                              0        0        3        0       0
                config                             2007     2007        2        0       4
                idloc                              2000     2000        4        0       5
dist/default/production\PP.X.production.o
                cinit                               7FA      7FA        6      FF4       0
                config                             2007     2007        2        0       4
                idloc                              2000     2000        4        0       5
                text7                               6CC      6CC       17      D98       0
                text6                               701      701       2B      E02       0
                text5                               69E      69E        6      D3C       0
                text4                               6E3      6E3       1E      DC6       0
                text3                               6A4      6A4        B      D48       0
                text2                               6AF      6AF        D      D5E       0
                text1                               6BC      6BC       10      D78       0
                maintext                            72C      72C       CE      E58       0
                cstackCOMMON                         70       70        4       70       1
                bssCOMMON                            74       74        2       70       1

TOTAL           Name                               Link     Load   Length     Space
        CLASS   CODE           
                end_init                              0        0        3         0
                cinit                               7FA      7FA        6         0
                text7                               6CC      6CC       17         0
                text6                               701      701       2B         0
                text5                               69E      69E        6         0
                text4                               6E3      6E3       1E         0
                text3                               6A4      6A4        B         0
                text2                               6AF      6AF        D         0
                text1                               6BC      6BC       10         0
                maintext                            72C      72C       CE         0

        CLASS   STRCODE        

        CLASS   STRING         

        CLASS   CONST          

        CLASS   ENTRY          

        CLASS   COMMON         
                cstackCOMMON                         70       70        4         1
                bssCOMMON                            74       74        2         1

        CLASS   BANK0          

        CLASS   BANK1          

        CLASS   BANK2          

        CLASS   BANK3          

        CLASS   RAM            

        CLASS   ABS1           
                abs_s1                               7E       7E        2         1

        CLASS   SFR0           

        CLASS   SFR1           

        CLASS   SFR2           

        CLASS   SFR3           

        CLASS   CONFIG         
                config                             2007     2007        2         4

        CLASS   IDLOC          
                idloc                              2000     2000        4         5

        CLASS   EEDATA         

        CLASS   STACK          



SEGMENTS        Name                           Load    Length   Top    Selector   Space  Class     Delta

                reset_vec                      000000  000003  000003         0       0  CODE        2
                cstackCOMMON                   000070  000006  000076        70       1  COMMON      1
                text5                          00069E  000006  0006A4       D3C       0  CODE        2
                text3                          0006A4  00000B  0006AF       D48       0  CODE        2
                text2                          0006AF  00000D  0006BC       D5E       0  CODE        2
                text1                          0006BC  000010  0006CC       D78       0  CODE        2
                text7                          0006CC  000017  0006E3       D98       0  CODE        2
                text4                          0006E3  00001E  000701       DC6       0  CODE        2
                text6                          000701  00002B  00072C       E02       0  CODE        2
                maintext                       00072C  0000CE  0007FA       E58       0  CODE        2
                cinit                          0007FA  000006  000800       FF4       0  CODE        2


UNUSED ADDRESS RANGES

        Name                Unused          Largest block    Delta
        BANK0            0020-006F             50           1
        BANK1            00A0-00EF             50           1
        BANK2            0110-016F             60           1
        BANK3            0190-01EF             60           1
        CODE             0003-069D            69B           2
                         0800-1FFF            800
        COMMON           0076-007D              8           1
        CONST            0003-069D            100           2
                         0800-1FFF            100
        EEDATA           2100-21FF            100           2
        ENTRY            0003-069D            100           2
                         0800-1FFF            100
        RAM              0020-006F             50           1
                         00A0-00EF             50
                         0110-016F             60
                         0190-01EF             60
        SFR0             0000-001F             20           1
        SFR1             0080-009F             20           1
        SFR2             0100-010F             10           1
        SFR3             0180-018F             10           1
        STRCODE          0003-069D            69B           2
                         0800-1FFF           1800
        STRING           0003-069D            100           2
                         0800-1FFF            100

                                  Symbol Table

_ADCON0bits              (abs)        001F
_ADCON1bits              (abs)        009F
_ADIF                    (abs)        0066
_ADRESH                  (abs)        001E
_ADRESL                  (abs)        009E
_ANSEL                   (abs)        0188
_ANSELH                  (abs)        0189
_CCP1CONbits             (abs)        0017
_CCP2CONbits             (abs)        001D
_CCPR1L                  (abs)        0015
_CCPR2L                  (abs)        001B
_INTCONbits              (abs)        000B
_OPTION_REGbits          (abs)        0081
_OSCCONbits              (abs)        008F
_PIE1bits                (abs)        008C
_PIR1bits                (abs)        000C
_PORTA                   (abs)        0005
_PORTC                   (abs)        0007
_PORTCbits               (abs)        0007
_PORTE                   (abs)        0009
_PR2                     (abs)        0092
_T0IF                    (abs)        005A
_T1CONbits               (abs)        0010
_T2CONbits               (abs)        0012
_TMR0                    (abs)        0001
_TMR1H                   (abs)        000F
_TMR1L                   (abs)        000E
_TRISA                   (abs)        0085
_TRISC                   (abs)        0087
_TRISCbits               (abs)        0087
_TRISE                   (abs)        0089
__Habs1                  abs1         0000
__Hbank0                 bank0        0000
__Hbank1                 bank1        0000
__Hbank2                 bank2        0000
__Hbank3                 bank3        0000
__HbssCOMMON             bssCOMMON    0000
__Hcinit                 cinit        0800
__Hclrtext               clrtext      0000
__Hcode                  code         0000
__Hcommon                common       0000
__Hconfig                config       2009
__HcstackCOMMON          cstackCOMMON 0000
__Heeprom_data           eeprom_data  0000
__Hend_init              end_init     0003
__Hfunctab               functab      0000
__Hidloc                 idloc        2004
__Hinit                  init         0000
__Hintentry              intentry     0000
__Hmaintext              maintext     0000
__Hpowerup               powerup      0000
__Hram                   ram          0000
__Hreset_vec             reset_vec    0000
__Hsfr0                  sfr0         0000
__Hsfr1                  sfr1         0000
__Hsfr2                  sfr2         0000
__Hsfr3                  sfr3         0000
__Hspace_0               (abs)        0800
__Hspace_1               (abs)        0076
__Hspace_2               (abs)        0000
__Hspace_3               (abs)        0000
__Hspace_4               (abs)        4010
__Hstack                 stack        0000
__Hstrings               strings      0000
__Htext                  text         0000
__Labs1                  abs1         0000
__Lbank0                 bank0        0000
__Lbank1                 bank1        0000
__Lbank2                 bank2        0000
__Lbank3                 bank3        0000
__LbssCOMMON             bssCOMMON    0000
__Lcinit                 cinit        07FA
__Lclrtext               clrtext      0000
__Lcode                  code         0000
__Lcommon                common       0000
__Lconfig                config       0000
__LcstackCOMMON          cstackCOMMON 0000
__Leeprom_data           eeprom_data  0000
__Lend_init              end_init     0000
__Lfunctab               functab      0000
__Lidloc                 idloc        0000
__Linit                  init         0000
__Lintentry              intentry     0000
__Lmaintext              maintext     0000
__Lpowerup               powerup      0000
__Lram                   ram          0000
__Lreset_vec             reset_vec    0000
__Lsfr0                  sfr0         0000
__Lsfr1                  sfr1         0000
__Lsfr2                  sfr2         0000
__Lsfr3                  sfr3         0000
__Lspace_0               (abs)        0000
__Lspace_1               (abs)        0000
__Lspace_2               (abs)        0000
__Lspace_3               (abs)        0000
__Lspace_4               (abs)        0000
__Lstack                 stack        0000
__Lstrings               strings      0000
__Ltext                  text         0000
__S0                     (abs)        0800
__S1                     (abs)        0076
__S3                     (abs)        0000
___int_sp                stack        0000
___latbits               (abs)        0002
___sp                    stack        0000
___stackhi               (abs)        0000
___stacklo               (abs)        0000
__end_of__initialization cinit        07FC
__end_of_main            maintext     07FA
__end_of_setup           text7        06E3
__end_of_setupADC        text6        072C
__end_of_setupINTOSC     text5        06A4
__end_of_setupPWM        text4        0701
__end_of_timer0          text3        06AF
__end_of_timer1          text2        06BC
__end_of_timer2          text1        06CC
__initialization         cinit        07FA
__pbssCOMMON             bssCOMMON    0074
__pcstackCOMMON          cstackCOMMON 0070
__pmaintext              maintext     072C
__ptext1                 text1        06BC
__ptext2                 text2        06AF
__ptext3                 text3        06A4
__ptext4                 text4        06E3
__ptext5                 text5        069E
__ptext6                 text6        0701
__ptext7                 text7        06CC
_main                    maintext     072C
_pot3                    bssCOMMON    0074
_setup                   text7        06CC
_setupADC                text6        0701
_setupINTOSC             text5        069E
_setupPWM                text4        06E3
_timer0                  text3        06A4
_timer1                  text2        06AF
_timer2                  text1        06BC
btemp                    (abs)        007E
end_of_initialization    cinit        07FC
intlevel0                functab      0000
intlevel1                functab      0000
intlevel2                functab      0000
intlevel3                functab      0000
intlevel4                functab      0000
intlevel5                functab      0000
reset_vec                reset_vec    0000
start                    init         0000
start_initialization     cinit        07FA
wtemp0                   (abs)        007E


MODULE INFORMATION

Module		Function		Class		Link	Load	Size
Wall-ET.c
		_timer0        		CODE           	06A4	0000	11
		_setupPWM      		CODE           	06E3	0000	30
		_main          		CODE           	072C	0000	206
		_timer1        		CODE           	06AF	0000	13
		_setupINTOSC   		CODE           	069E	0000	6
		_timer2        		CODE           	06BC	0000	16
		_setup         		CODE           	06CC	0000	23
		_setupADC      		CODE           	0701	0000	43

Wall-ET.c estimated size: 348

shared
		__initialization		CODE           	07FA	0000	2

shared estimated size: 2

